2026-03-20 13:43:07 | INFO     | root                           | Logging initialized | level=INFO | file=logs\system.log

============================================================
  P2P Exception Management System v2.0
  AI Mode: Deep Agent
  Storage: JSON
  Celonis: LIVE
============================================================

2026-03-20 13:43:07 | INFO     | mcp_client                     |  MCPClient initialized: http://localhost:8000/api/mcp
2026-03-20 13:43:10 | INFO     | agents.orchestrator            | [OK] Deep Agent initialized
2026-03-20 13:43:10 | INFO     | notifications.manager          | Γ£à Teams notifications enabled
2026-03-20 13:43:10 | ERROR    | celonis.client                 | Failed to connect to Celonis: No module named 'pycelonis'
Traceback (most recent call last):
  File "D:\ai-exception-system\store\..\celonis\client.py", line 53, in _connect
    from pycelonis import get_celonis
ModuleNotFoundError: No module named 'pycelonis'
python : D:\ai-exception-system\venv\Lib\site-packages\langchain_core\_api\deprecation.py:25: 
UserWarning: Core Pydantic V1 functionality isn't compatible with Python 3.14 or greater.
At line:1 char:1
+ python main.py 2>&1 | Out-File -FilePath errors.txt; Get-Content erro ...
+ ~~~~~~~~~~~~~~~~~~~
    + CategoryInfo          : NotSpecified: (D:\ai-exception....14 or greater.:String) [], Re 
   moteException
    + FullyQualifiedErrorId : NativeCommandError
 
  from pydantic.v1.fields import FieldInfo as FieldInfoV1
--- Logging error ---
Traceback (most recent call last):
  File "C:\Program Files\Python314\Lib\logging\__init__.py", line 1154, in emit
    stream.write(msg + self.terminator)
    ~~~~~~~~~~~~^^^^^^^^^^^^^^^^^^^^^^^
  File "C:\Program Files\Python314\Lib\encodings\cp1252.py", line 19, in encode
    return codecs.charmap_encode(input,self.errors,encoding_table)[0]
           ~~~~~~~~~~~~~~~~~~~~~^^^^^^^^^^^^^^^^^^^^^^^^^^^^^^^^^^
UnicodeEncodeError: 'charmap' codec can't encode character '\u2705' in position 66: character 
maps to <undefined>
Call stack:
  File "D:\ai-exception-system\main.py", line 156, in <module>
    run(force=args.force)
  File "D:\ai-exception-system\main.py", line 53, in run
    notifier = NotificationManager(store=store)
  File "D:\ai-exception-system\store\..\celonis\..\notifications\manager.py", line 28, in 
__init__
    logger.info("Γ£à Teams notifications enabled")
Message: 'Γ£à Teams notifications enabled'
Arguments: ()
Traceback (most recent call last):
  File "D:\ai-exception-system\main.py", line 156, in <module>
    run(force=args.force)
    ~~~^^^^^^^^^^^^^^^^^^
  File "D:\ai-exception-system\main.py", line 57, in run
    celonis = get_celonis_client()
  File "D:\ai-exception-system\store\..\celonis\__init__.py", line 8, in get_celonis_client
    return CelonisClient(settings.CELONIS_BASE_URL, settings.CELONIS_API_TOKEN,
                          settings.CELONIS_DATA_POOL_ID, settings.CELONIS_DATA_MODEL_ID)
  File "D:\ai-exception-system\store\..\celonis\client.py", line 45, in __init__
    self._connect()
    ~~~~~~~~~~~~~^^
  File "D:\ai-exception-system\store\..\celonis\client.py", line 53, in _connect
    from pycelonis import get_celonis
ModuleNotFoundError: No module named 'pycelonis'
